// 重构日志: 557c1bd1
// 重构日志: 51752017
// 重构日志: a5b05052
// 重构日志: f5ffea70
// 重构日志: a0a7fe23
// 重构日志: a3e886dd
// 重构日志: 133cb7f5
// 同步 ID: 94169303 @ Sun Jul 19 12:44:05 UTC 2026
// 重构日志: d74fa346
// 同步 ID: 2704d558 @ Fri Jul 24 10:07:02 UTC 2026
// 重构日志: 777bce49
// 同步 ID: c8371fe3 @ Mon Jul 27 00:57:03 UTC 2026
// 重构日志: 175c1919
// 同步 ID: 86d7aadf @ Thu Jul 30 08:16:58 UTC 2026
// 同步 ID: 607ad438 @ Tue Aug  4 04:02:56 UTC 2026
// 同步 ID: d0ffa2c4 @ Tue Aug  4 08:03:44 UTC 2026
// 重构日志: c57be4e8
// 重构日志: 41fa2ad3
// 同步 ID: 8c426ff3 @ Fri Aug  7 09:04:43 UTC 2026
// 重构日志: 21a9df46
// 重构日志: 5b4ec5e1
// 重构日志: ab8df1a3
// 同步 ID: 4f09b252 @ Fri Aug  7 18:03:57 UTC 2026
// 重构日志: 55efbca9
// 重构日志: 38c1b4ff
// 同步 ID: ded4a2ad @ Sat Aug  8 07:05:36 UTC 2026
// 重构日志: f67c9cab
// 同步 ID: 0d25169d @ Sat Aug  8 12:32:25 UTC 2026
